// Jest Snapshot v1, https://goo.gl/fbAQLP

exports[`<PersonsData /> with data renders component should match the snapshot with data 1`] = `"<h2>Persons Data</h2><div class=\\"scroll-container\\"><table class=\\"table-centered\\"><thead><tr class=\\"row\\"><th>Name</th><th>Age</th><th>Phone</th><th>Address</th></tr></thead><tbody><tr class=\\"row\\"><td>Paula Wilson</td><td>21</td><td>(505) 555-5939</td><td>2817 Milton Dr., Albuquerque, NM, 87110, USA</td></tr><tr class=\\"row\\"><td>Jose Pavarotti</td><td>24</td><td>(208) 555-8097</td><td>187 Suffolk Ln., Boise, ID, 83720, USA</td></tr><tr class=\\"row\\"><td>Art Braunschweiger</td><td>23</td><td>(307) 555-4680</td><td>P.O. Box 555, Lander, WY, 82520, USA</td></tr><tr class=\\"row\\"><td>Liz Nixon</td><td>30</td><td>(503) 555-3612</td><td>89 Jefferson Way Suite 2, Portland, OR, 97201, USA</td></tr><tr class=\\"row\\"><td>Liu Wong</td><td>40</td><td>(406) 555-5834</td><td>55 Grizzly Peak Rd., Butte, MT, 59801, USA</td></tr><tr class=\\"row\\"><td>Jaime Yorres</td><td>30</td><td>(415) 555-5938</td><td>87 Polk St. Suite 5, San Francisco, CA, 94117, USA</td></tr><tr class=\\"row\\"><td>Fran Wilson</td><td>28</td><td>(503) 555-9573</td><td>89 Chiaroscuro Rd., Portland, OR, 97219, USA</td></tr></tbody></table></div>"`;

exports[`<PersonsData /> with no data renders component should match the snapshot without data 1`] = `"<h2>Persons Data</h2><div>Loading data...</div>"`;
