// Jest Snapshot v1, https://goo.gl/fbAQLP

exports[`<App /> without props should match the snapshot 1`] = `"<div class=\\"App\\"><header class=\\"App-header\\"><h1>Persons API</h1></header><section><h2>Persons Data</h2><div>Loading data...</div></section></div>"`;
